// Jest Snapshot v1, https://goo.gl/fbAQLP

exports[`integ snapshot validation 1`] = `
Object {
  "Outputs": Object {
    "BuildBadgeBadgeUrlB81442AA": Object {
      "Value": Object {
        "Fn::Join": Array [
          "",
          Array [
            "https://",
            Object {
              "Ref": "BuildBadgeLambdaRestApi67D65870",
            },
            ".execute-api.",
            Object {
              "Ref": "AWS::Region",
            },
            ".",
            Object {
              "Ref": "AWS::URLSuffix",
            },
            "/",
            Object {
              "Ref": "BuildBadgeLambdaRestApiDeploymentStageprodFEFA21FC",
            },
            "/",
          ],
        ],
      },
    },
    "BuildBadgeLambdaRestApiEndpoint63A20E45": Object {
      "Value": Object {
        "Fn::Join": Array [
          "",
          Array [
            "https://",
            Object {
              "Ref": "BuildBadgeLambdaRestApi67D65870",
            },
            ".execute-api.",
            Object {
              "Ref": "AWS::Region",
            },
            ".",
            Object {
              "Ref": "AWS::URLSuffix",
            },
            "/",
            Object {
              "Ref": "BuildBadgeLambdaRestApiDeploymentStageprodFEFA21FC",
            },
            "/",
          ],
        ],
      },
    },
  },
  "Parameters": Object {
    "AssetParameters168c86151737930d8f0f10eba685137d67ec1f4d85268c65b3e4802c20d4c36cArtifactHash6013622C": Object {
      "Description": "Artifact hash for asset \\"168c86151737930d8f0f10eba685137d67ec1f4d85268c65b3e4802c20d4c36c\\"",
      "Type": "String",
    },
    "AssetParameters168c86151737930d8f0f10eba685137d67ec1f4d85268c65b3e4802c20d4c36cS3Bucket7A271111": Object {
      "Description": "S3 bucket for asset \\"168c86151737930d8f0f10eba685137d67ec1f4d85268c65b3e4802c20d4c36c\\"",
      "Type": "String",
    },
    "AssetParameters168c86151737930d8f0f10eba685137d67ec1f4d85268c65b3e4802c20d4c36cS3VersionKeyF14E336A": Object {
      "Description": "S3 key for asset version \\"168c86151737930d8f0f10eba685137d67ec1f4d85268c65b3e4802c20d4c36c\\"",
      "Type": "String",
    },
    "AssetParameters392e2627a26f124347194605f96c8ed33d4552afcc2339b700ce6d6ce351eac1ArtifactHashDFF16A18": Object {
      "Description": "Artifact hash for asset \\"392e2627a26f124347194605f96c8ed33d4552afcc2339b700ce6d6ce351eac1\\"",
      "Type": "String",
    },
    "AssetParameters392e2627a26f124347194605f96c8ed33d4552afcc2339b700ce6d6ce351eac1S3BucketC0082D36": Object {
      "Description": "S3 bucket for asset \\"392e2627a26f124347194605f96c8ed33d4552afcc2339b700ce6d6ce351eac1\\"",
      "Type": "String",
    },
    "AssetParameters392e2627a26f124347194605f96c8ed33d4552afcc2339b700ce6d6ce351eac1S3VersionKey929B15CD": Object {
      "Description": "S3 key for asset version \\"392e2627a26f124347194605f96c8ed33d4552afcc2339b700ce6d6ce351eac1\\"",
      "Type": "String",
    },
    "AssetParameters40373ba728c7e7a9f6448aa23cef87a64644720f30c1884588c79501354ba95bArtifactHashBE2DEBAC": Object {
      "Description": "Artifact hash for asset \\"40373ba728c7e7a9f6448aa23cef87a64644720f30c1884588c79501354ba95b\\"",
      "Type": "String",
    },
    "AssetParameters40373ba728c7e7a9f6448aa23cef87a64644720f30c1884588c79501354ba95bS3Bucket447C65DF": Object {
      "Description": "S3 bucket for asset \\"40373ba728c7e7a9f6448aa23cef87a64644720f30c1884588c79501354ba95b\\"",
      "Type": "String",
    },
    "AssetParameters40373ba728c7e7a9f6448aa23cef87a64644720f30c1884588c79501354ba95bS3VersionKeyF85A1B50": Object {
      "Description": "S3 key for asset version \\"40373ba728c7e7a9f6448aa23cef87a64644720f30c1884588c79501354ba95b\\"",
      "Type": "String",
    },
    "AssetParametersc9ac4b3b65f3510a2088b7fd003de23d2aefac424025eb168725ce6769e3c176ArtifactHash4E343C6C": Object {
      "Description": "Artifact hash for asset \\"c9ac4b3b65f3510a2088b7fd003de23d2aefac424025eb168725ce6769e3c176\\"",
      "Type": "String",
    },
    "AssetParametersc9ac4b3b65f3510a2088b7fd003de23d2aefac424025eb168725ce6769e3c176S3Bucket77147E20": Object {
      "Description": "S3 bucket for asset \\"c9ac4b3b65f3510a2088b7fd003de23d2aefac424025eb168725ce6769e3c176\\"",
      "Type": "String",
    },
    "AssetParametersc9ac4b3b65f3510a2088b7fd003de23d2aefac424025eb168725ce6769e3c176S3VersionKey4253216F": Object {
      "Description": "S3 key for asset version \\"c9ac4b3b65f3510a2088b7fd003de23d2aefac424025eb168725ce6769e3c176\\"",
      "Type": "String",
    },
  },
  "Resources": Object {
    "AutoBucket7677dc81117d41c0b75bdb11cb84bb70DC15ED41": Object {
      "DependsOn": Array [
        "AutoBucket7677dc81117d41c0b75bdb11cb84bb70ServiceRoleDefaultPolicy57248D6C",
        "AutoBucket7677dc81117d41c0b75bdb11cb84bb70ServiceRole2F2A10DB",
      ],
      "Properties": Object {
        "Code": Object {
          "S3Bucket": Object {
            "Ref": "AssetParameters392e2627a26f124347194605f96c8ed33d4552afcc2339b700ce6d6ce351eac1S3BucketC0082D36",
          },
          "S3Key": Object {
            "Fn::Join": Array [
              "",
              Array [
                Object {
                  "Fn::Select": Array [
                    0,
                    Object {
                      "Fn::Split": Array [
                        "||",
                        Object {
                          "Ref": "AssetParameters392e2627a26f124347194605f96c8ed33d4552afcc2339b700ce6d6ce351eac1S3VersionKey929B15CD",
                        },
                      ],
                    },
                  ],
                },
                Object {
                  "Fn::Select": Array [
                    1,
                    Object {
                      "Fn::Split": Array [
                        "||",
                        Object {
                          "Ref": "AssetParameters392e2627a26f124347194605f96c8ed33d4552afcc2339b700ce6d6ce351eac1S3VersionKey929B15CD",
                        },
                      ],
                    },
                  ],
                },
              ],
            ],
          },
        },
        "Handler": "main.handler",
        "Role": Object {
          "Fn::GetAtt": Array [
            "AutoBucket7677dc81117d41c0b75bdb11cb84bb70ServiceRole2F2A10DB",
            "Arn",
          ],
        },
        "Runtime": "nodejs10.x",
        "Timeout": 900,
      },
      "Type": "AWS::Lambda::Function",
    },
    "AutoBucket7677dc81117d41c0b75bdb11cb84bb70ServiceRole2F2A10DB": Object {
      "Properties": Object {
        "AssumeRolePolicyDocument": Object {
          "Statement": Array [
            Object {
              "Action": "sts:AssumeRole",
              "Effect": "Allow",
              "Principal": Object {
                "Service": "lambda.amazonaws.com",
              },
            },
          ],
          "Version": "2012-10-17",
        },
        "ManagedPolicyArns": Array [
          Object {
            "Fn::Join": Array [
              "",
              Array [
                "arn:",
                Object {
                  "Ref": "AWS::Partition",
                },
                ":iam::aws:policy/service-role/AWSLambdaBasicExecutionRole",
              ],
            ],
          },
        ],
      },
      "Type": "AWS::IAM::Role",
    },
    "AutoBucket7677dc81117d41c0b75bdb11cb84bb70ServiceRoleDefaultPolicy57248D6C": Object {
      "Properties": Object {
        "PolicyDocument": Object {
          "Statement": Array [
            Object {
              "Action": Array [
                "s3:GetObject*",
                "s3:GetBucket*",
                "s3:List*",
                "s3:DeleteObject*",
                "s3:PutObject*",
                "s3:Abort*",
              ],
              "Effect": "Allow",
              "Resource": Array [
                Object {
                  "Fn::GetAtt": Array [
                    "BuildBadgebadgeBucket4788B140",
                    "Arn",
                  ],
                },
                Object {
                  "Fn::Join": Array [
                    "",
                    Array [
                      Object {
                        "Fn::GetAtt": Array [
                          "BuildBadgebadgeBucket4788B140",
                          "Arn",
                        ],
                      },
                      "/*",
                    ],
                  ],
                },
              ],
            },
          ],
          "Version": "2012-10-17",
        },
        "PolicyName": "AutoBucket7677dc81117d41c0b75bdb11cb84bb70ServiceRoleDefaultPolicy57248D6C",
        "Roles": Array [
          Object {
            "Ref": "AutoBucket7677dc81117d41c0b75bdb11cb84bb70ServiceRole2F2A10DB",
          },
        ],
      },
      "Type": "AWS::IAM::Policy",
    },
    "BuildBadgeBucketDeploymentCustomResource1F74E560": Object {
      "DeletionPolicy": "Delete",
      "Properties": Object {
        "DestinationBucketName": Object {
          "Ref": "BuildBadgebadgeBucket4788B140",
        },
        "Prune": true,
        "ServiceToken": Object {
          "Fn::GetAtt": Array [
            "CustomCDKBucketDeployment8693BB64968944B69AAFB0CC9EB8756C81C01536",
            "Arn",
          ],
        },
        "SourceBucketNames": Array [
          Object {
            "Ref": "AssetParameters40373ba728c7e7a9f6448aa23cef87a64644720f30c1884588c79501354ba95bS3Bucket447C65DF",
          },
        ],
        "SourceObjectKeys": Array [
          Object {
            "Fn::Join": Array [
              "",
              Array [
                Object {
                  "Fn::Select": Array [
                    0,
                    Object {
                      "Fn::Split": Array [
                        "||",
                        Object {
                          "Ref": "AssetParameters40373ba728c7e7a9f6448aa23cef87a64644720f30c1884588c79501354ba95bS3VersionKeyF85A1B50",
                        },
                      ],
                    },
                  ],
                },
                Object {
                  "Fn::Select": Array [
                    1,
                    Object {
                      "Fn::Split": Array [
                        "||",
                        Object {
                          "Ref": "AssetParameters40373ba728c7e7a9f6448aa23cef87a64644720f30c1884588c79501354ba95bS3VersionKeyF85A1B50",
                        },
                      ],
                    },
                  ],
                },
              ],
            ],
          },
        ],
      },
      "Type": "Custom::CDKBucketDeployment",
      "UpdateReplacePolicy": "Delete",
    },
    "BuildBadgeLambdaRestApi67D65870": Object {
      "Properties": Object {
        "Name": "LambdaRestApi",
      },
      "Type": "AWS::ApiGateway::RestApi",
    },
    "BuildBadgeLambdaRestApiANYApiPermissionTestmybuildbadgedemostackBuildBadgeLambdaRestApi1E56DD4EANYEF134B78": Object {
      "Properties": Object {
        "Action": "lambda:InvokeFunction",
        "FunctionName": Object {
          "Fn::GetAtt": Array [
            "BuildBadgebadgeA0B40829",
            "Arn",
          ],
        },
        "Principal": "apigateway.amazonaws.com",
        "SourceArn": Object {
          "Fn::Join": Array [
            "",
            Array [
              "arn:",
              Object {
                "Ref": "AWS::Partition",
              },
              ":execute-api:",
              Object {
                "Ref": "AWS::Region",
              },
              ":",
              Object {
                "Ref": "AWS::AccountId",
              },
              ":",
              Object {
                "Ref": "BuildBadgeLambdaRestApi67D65870",
              },
              "/test-invoke-stage/*/",
            ],
          ],
        },
      },
      "Type": "AWS::Lambda::Permission",
    },
    "BuildBadgeLambdaRestApiANYApiPermissionmybuildbadgedemostackBuildBadgeLambdaRestApi1E56DD4EANYE1C81673": Object {
      "Properties": Object {
        "Action": "lambda:InvokeFunction",
        "FunctionName": Object {
          "Fn::GetAtt": Array [
            "BuildBadgebadgeA0B40829",
            "Arn",
          ],
        },
        "Principal": "apigateway.amazonaws.com",
        "SourceArn": Object {
          "Fn::Join": Array [
            "",
            Array [
              "arn:",
              Object {
                "Ref": "AWS::Partition",
              },
              ":execute-api:",
              Object {
                "Ref": "AWS::Region",
              },
              ":",
              Object {
                "Ref": "AWS::AccountId",
              },
              ":",
              Object {
                "Ref": "BuildBadgeLambdaRestApi67D65870",
              },
              "/",
              Object {
                "Ref": "BuildBadgeLambdaRestApiDeploymentStageprodFEFA21FC",
              },
              "/*/",
            ],
          ],
        },
      },
      "Type": "AWS::Lambda::Permission",
    },
    "BuildBadgeLambdaRestApiANYB4ECA9EA": Object {
      "Properties": Object {
        "AuthorizationType": "NONE",
        "HttpMethod": "ANY",
        "Integration": Object {
          "IntegrationHttpMethod": "POST",
          "Type": "AWS_PROXY",
          "Uri": Object {
            "Fn::Join": Array [
              "",
              Array [
                "arn:",
                Object {
                  "Ref": "AWS::Partition",
                },
                ":apigateway:",
                Object {
                  "Ref": "AWS::Region",
                },
                ":lambda:path/2015-03-31/functions/",
                Object {
                  "Fn::GetAtt": Array [
                    "BuildBadgebadgeA0B40829",
                    "Arn",
                  ],
                },
                "/invocations",
              ],
            ],
          },
        },
        "ResourceId": Object {
          "Fn::GetAtt": Array [
            "BuildBadgeLambdaRestApi67D65870",
            "RootResourceId",
          ],
        },
        "RestApiId": Object {
          "Ref": "BuildBadgeLambdaRestApi67D65870",
        },
      },
      "Type": "AWS::ApiGateway::Method",
    },
    "BuildBadgeLambdaRestApiAccount2D0F8B5D": Object {
      "DependsOn": Array [
        "BuildBadgeLambdaRestApi67D65870",
      ],
      "Properties": Object {
        "CloudWatchRoleArn": Object {
          "Fn::GetAtt": Array [
            "BuildBadgeLambdaRestApiCloudWatchRole5C0B77BD",
            "Arn",
          ],
        },
      },
      "Type": "AWS::ApiGateway::Account",
    },
    "BuildBadgeLambdaRestApiCloudWatchRole5C0B77BD": Object {
      "Properties": Object {
        "AssumeRolePolicyDocument": Object {
          "Statement": Array [
            Object {
              "Action": "sts:AssumeRole",
              "Effect": "Allow",
              "Principal": Object {
                "Service": "apigateway.amazonaws.com",
              },
            },
          ],
          "Version": "2012-10-17",
        },
        "ManagedPolicyArns": Array [
          Object {
            "Fn::Join": Array [
              "",
              Array [
                "arn:",
                Object {
                  "Ref": "AWS::Partition",
                },
                ":iam::aws:policy/service-role/AmazonAPIGatewayPushToCloudWatchLogs",
              ],
            ],
          },
        ],
      },
      "Type": "AWS::IAM::Role",
    },
    "BuildBadgeLambdaRestApiDeployment08CF77EE87f9df7e610dc9aef2c928e3131ccfb6": Object {
      "DependsOn": Array [
        "BuildBadgeLambdaRestApiproxyANY2FB04D37",
        "BuildBadgeLambdaRestApiproxyAA6A28B8",
        "BuildBadgeLambdaRestApiANYB4ECA9EA",
      ],
      "Properties": Object {
        "Description": "Automatically created by the RestApi construct",
        "RestApiId": Object {
          "Ref": "BuildBadgeLambdaRestApi67D65870",
        },
      },
      "Type": "AWS::ApiGateway::Deployment",
    },
    "BuildBadgeLambdaRestApiDeploymentStageprodFEFA21FC": Object {
      "Properties": Object {
        "DeploymentId": Object {
          "Ref": "BuildBadgeLambdaRestApiDeployment08CF77EE87f9df7e610dc9aef2c928e3131ccfb6",
        },
        "RestApiId": Object {
          "Ref": "BuildBadgeLambdaRestApi67D65870",
        },
        "StageName": "prod",
      },
      "Type": "AWS::ApiGateway::Stage",
    },
    "BuildBadgeLambdaRestApiproxyAA6A28B8": Object {
      "Properties": Object {
        "ParentId": Object {
          "Fn::GetAtt": Array [
            "BuildBadgeLambdaRestApi67D65870",
            "RootResourceId",
          ],
        },
        "PathPart": "{proxy+}",
        "RestApiId": Object {
          "Ref": "BuildBadgeLambdaRestApi67D65870",
        },
      },
      "Type": "AWS::ApiGateway::Resource",
    },
    "BuildBadgeLambdaRestApiproxyANY2FB04D37": Object {
      "Properties": Object {
        "AuthorizationType": "NONE",
        "HttpMethod": "ANY",
        "Integration": Object {
          "IntegrationHttpMethod": "POST",
          "Type": "AWS_PROXY",
          "Uri": Object {
            "Fn::Join": Array [
              "",
              Array [
                "arn:",
                Object {
                  "Ref": "AWS::Partition",
                },
                ":apigateway:",
                Object {
                  "Ref": "AWS::Region",
                },
                ":lambda:path/2015-03-31/functions/",
                Object {
                  "Fn::GetAtt": Array [
                    "BuildBadgebadgeA0B40829",
                    "Arn",
                  ],
                },
                "/invocations",
              ],
            ],
          },
        },
        "ResourceId": Object {
          "Ref": "BuildBadgeLambdaRestApiproxyAA6A28B8",
        },
        "RestApiId": Object {
          "Ref": "BuildBadgeLambdaRestApi67D65870",
        },
      },
      "Type": "AWS::ApiGateway::Method",
    },
    "BuildBadgeLambdaRestApiproxyANYApiPermissionTestmybuildbadgedemostackBuildBadgeLambdaRestApi1E56DD4EANYproxy9DEC5D93": Object {
      "Properties": Object {
        "Action": "lambda:InvokeFunction",
        "FunctionName": Object {
          "Fn::GetAtt": Array [
            "BuildBadgebadgeA0B40829",
            "Arn",
          ],
        },
        "Principal": "apigateway.amazonaws.com",
        "SourceArn": Object {
          "Fn::Join": Array [
            "",
            Array [
              "arn:",
              Object {
                "Ref": "AWS::Partition",
              },
              ":execute-api:",
              Object {
                "Ref": "AWS::Region",
              },
              ":",
              Object {
                "Ref": "AWS::AccountId",
              },
              ":",
              Object {
                "Ref": "BuildBadgeLambdaRestApi67D65870",
              },
              "/test-invoke-stage/*/*",
            ],
          ],
        },
      },
      "Type": "AWS::Lambda::Permission",
    },
    "BuildBadgeLambdaRestApiproxyANYApiPermissionmybuildbadgedemostackBuildBadgeLambdaRestApi1E56DD4EANYproxyFEBE5AAA": Object {
      "Properties": Object {
        "Action": "lambda:InvokeFunction",
        "FunctionName": Object {
          "Fn::GetAtt": Array [
            "BuildBadgebadgeA0B40829",
            "Arn",
          ],
        },
        "Principal": "apigateway.amazonaws.com",
        "SourceArn": Object {
          "Fn::Join": Array [
            "",
            Array [
              "arn:",
              Object {
                "Ref": "AWS::Partition",
              },
              ":execute-api:",
              Object {
                "Ref": "AWS::Region",
              },
              ":",
              Object {
                "Ref": "AWS::AccountId",
              },
              ":",
              Object {
                "Ref": "BuildBadgeLambdaRestApi67D65870",
              },
              "/",
              Object {
                "Ref": "BuildBadgeLambdaRestApiDeploymentStageprodFEFA21FC",
              },
              "/*/*",
            ],
          ],
        },
      },
      "Type": "AWS::Lambda::Permission",
    },
    "BuildBadgebadgeA0B40829": Object {
      "DependsOn": Array [
        "BuildBadgebadgeServiceRoleE417F11F",
      ],
      "Properties": Object {
        "Code": Object {
          "S3Bucket": Object {
            "Ref": "AssetParameters168c86151737930d8f0f10eba685137d67ec1f4d85268c65b3e4802c20d4c36cS3Bucket7A271111",
          },
          "S3Key": Object {
            "Fn::Join": Array [
              "",
              Array [
                Object {
                  "Fn::Select": Array [
                    0,
                    Object {
                      "Fn::Split": Array [
                        "||",
                        Object {
                          "Ref": "AssetParameters168c86151737930d8f0f10eba685137d67ec1f4d85268c65b3e4802c20d4c36cS3VersionKeyF14E336A",
                        },
                      ],
                    },
                  ],
                },
                Object {
                  "Fn::Select": Array [
                    1,
                    Object {
                      "Fn::Split": Array [
                        "||",
                        Object {
                          "Ref": "AssetParameters168c86151737930d8f0f10eba685137d67ec1f4d85268c65b3e4802c20d4c36cS3VersionKeyF14E336A",
                        },
                      ],
                    },
                  ],
                },
              ],
            ],
          },
        },
        "Environment": Object {
          "Variables": Object {
            "AWS_NODEJS_CONNECTION_REUSE_ENABLED": "1",
          },
        },
        "Handler": "index.handler",
        "Role": Object {
          "Fn::GetAtt": Array [
            "BuildBadgebadgeServiceRoleE417F11F",
            "Arn",
          ],
        },
        "Runtime": "nodejs12.x",
        "Timeout": 900,
      },
      "Type": "AWS::Lambda::Function",
    },
    "BuildBadgebadgeBucket4788B140": Object {
      "DeletionPolicy": "Delete",
      "Type": "AWS::S3::Bucket",
      "UpdateReplacePolicy": "Delete",
    },
    "BuildBadgebadgeBucketAutoBucket86CDDDAF": Object {
      "DeletionPolicy": "Delete",
      "Properties": Object {
        "BucketName": Object {
          "Ref": "BuildBadgebadgeBucket4788B140",
        },
        "ServiceToken": Object {
          "Fn::GetAtt": Array [
            "AutoBucket7677dc81117d41c0b75bdb11cb84bb70DC15ED41",
            "Arn",
          ],
        },
      },
      "Type": "Custom::AutoDeleteBucket",
      "UpdateReplacePolicy": "Delete",
    },
    "BuildBadgebadgeBucketPolicyBCCE0218": Object {
      "Properties": Object {
        "Bucket": Object {
          "Ref": "BuildBadgebadgeBucket4788B140",
        },
        "PolicyDocument": Object {
          "Statement": Array [
            Object {
              "Action": "s3:GetObject",
              "Effect": "Allow",
              "Principal": "*",
              "Resource": Object {
                "Fn::Join": Array [
                  "",
                  Array [
                    Object {
                      "Fn::GetAtt": Array [
                        "BuildBadgebadgeBucket4788B140",
                        "Arn",
                      ],
                    },
                    "/*",
                  ],
                ],
              },
            },
          ],
          "Version": "2012-10-17",
        },
      },
      "Type": "AWS::S3::BucketPolicy",
    },
    "BuildBadgebadgeServiceRoleE417F11F": Object {
      "Properties": Object {
        "AssumeRolePolicyDocument": Object {
          "Statement": Array [
            Object {
              "Action": "sts:AssumeRole",
              "Effect": "Allow",
              "Principal": Object {
                "Service": "lambda.amazonaws.com",
              },
            },
          ],
          "Version": "2012-10-17",
        },
        "ManagedPolicyArns": Array [
          Object {
            "Fn::Join": Array [
              "",
              Array [
                "arn:",
                Object {
                  "Ref": "AWS::Partition",
                },
                ":iam::aws:policy/service-role/AWSLambdaBasicExecutionRole",
              ],
            ],
          },
        ],
      },
      "Type": "AWS::IAM::Role",
    },
    "CustomCDKBucketDeployment8693BB64968944B69AAFB0CC9EB8756C81C01536": Object {
      "DependsOn": Array [
        "CustomCDKBucketDeployment8693BB64968944B69AAFB0CC9EB8756CServiceRoleDefaultPolicy88902FDF",
        "CustomCDKBucketDeployment8693BB64968944B69AAFB0CC9EB8756CServiceRole89A01265",
      ],
      "Properties": Object {
        "Code": Object {
          "S3Bucket": Object {
            "Ref": "AssetParametersc9ac4b3b65f3510a2088b7fd003de23d2aefac424025eb168725ce6769e3c176S3Bucket77147E20",
          },
          "S3Key": Object {
            "Fn::Join": Array [
              "",
              Array [
                Object {
                  "Fn::Select": Array [
                    0,
                    Object {
                      "Fn::Split": Array [
                        "||",
                        Object {
                          "Ref": "AssetParametersc9ac4b3b65f3510a2088b7fd003de23d2aefac424025eb168725ce6769e3c176S3VersionKey4253216F",
                        },
                      ],
                    },
                  ],
                },
                Object {
                  "Fn::Select": Array [
                    1,
                    Object {
                      "Fn::Split": Array [
                        "||",
                        Object {
                          "Ref": "AssetParametersc9ac4b3b65f3510a2088b7fd003de23d2aefac424025eb168725ce6769e3c176S3VersionKey4253216F",
                        },
                      ],
                    },
                  ],
                },
              ],
            ],
          },
        },
        "Handler": "index.handler",
        "Role": Object {
          "Fn::GetAtt": Array [
            "CustomCDKBucketDeployment8693BB64968944B69AAFB0CC9EB8756CServiceRole89A01265",
            "Arn",
          ],
        },
        "Runtime": "python3.6",
        "Timeout": 900,
      },
      "Type": "AWS::Lambda::Function",
    },
    "CustomCDKBucketDeployment8693BB64968944B69AAFB0CC9EB8756CServiceRole89A01265": Object {
      "Properties": Object {
        "AssumeRolePolicyDocument": Object {
          "Statement": Array [
            Object {
              "Action": "sts:AssumeRole",
              "Effect": "Allow",
              "Principal": Object {
                "Service": "lambda.amazonaws.com",
              },
            },
          ],
          "Version": "2012-10-17",
        },
        "ManagedPolicyArns": Array [
          Object {
            "Fn::Join": Array [
              "",
              Array [
                "arn:",
                Object {
                  "Ref": "AWS::Partition",
                },
                ":iam::aws:policy/service-role/AWSLambdaBasicExecutionRole",
              ],
            ],
          },
        ],
      },
      "Type": "AWS::IAM::Role",
    },
    "CustomCDKBucketDeployment8693BB64968944B69AAFB0CC9EB8756CServiceRoleDefaultPolicy88902FDF": Object {
      "Properties": Object {
        "PolicyDocument": Object {
          "Statement": Array [
            Object {
              "Action": Array [
                "s3:GetObject*",
                "s3:GetBucket*",
                "s3:List*",
              ],
              "Effect": "Allow",
              "Resource": Array [
                Object {
                  "Fn::Join": Array [
                    "",
                    Array [
                      "arn:",
                      Object {
                        "Ref": "AWS::Partition",
                      },
                      ":s3:::",
                      Object {
                        "Ref": "AssetParameters40373ba728c7e7a9f6448aa23cef87a64644720f30c1884588c79501354ba95bS3Bucket447C65DF",
                      },
                    ],
                  ],
                },
                Object {
                  "Fn::Join": Array [
                    "",
                    Array [
                      "arn:",
                      Object {
                        "Ref": "AWS::Partition",
                      },
                      ":s3:::",
                      Object {
                        "Ref": "AssetParameters40373ba728c7e7a9f6448aa23cef87a64644720f30c1884588c79501354ba95bS3Bucket447C65DF",
                      },
                      "/*",
                    ],
                  ],
                },
              ],
            },
            Object {
              "Action": Array [
                "s3:GetObject*",
                "s3:GetBucket*",
                "s3:List*",
                "s3:DeleteObject*",
                "s3:PutObject*",
                "s3:Abort*",
              ],
              "Effect": "Allow",
              "Resource": Array [
                Object {
                  "Fn::GetAtt": Array [
                    "BuildBadgebadgeBucket4788B140",
                    "Arn",
                  ],
                },
                Object {
                  "Fn::Join": Array [
                    "",
                    Array [
                      Object {
                        "Fn::GetAtt": Array [
                          "BuildBadgebadgeBucket4788B140",
                          "Arn",
                        ],
                      },
                      "/*",
                    ],
                  ],
                },
              ],
            },
          ],
          "Version": "2012-10-17",
        },
        "PolicyName": "CustomCDKBucketDeployment8693BB64968944B69AAFB0CC9EB8756CServiceRoleDefaultPolicy88902FDF",
        "Roles": Array [
          Object {
            "Ref": "CustomCDKBucketDeployment8693BB64968944B69AAFB0CC9EB8756CServiceRole89A01265",
          },
        ],
      },
      "Type": "AWS::IAM::Policy",
    },
  },
}
`;
