// Jest Snapshot v1, https://goo.gl/fbAQLP

exports[`integ snapshot validation 1`] = `
Object {
  "Outputs": Object {
    "BuildBadgeBadgeBuildUrlDECA8A32": Object {
      "Value": Object {
        "Fn::Join": Array [
          "",
          Array [
            "https://",
            Object {
              "Ref": "BuildBadgeLambdaRestApi67D65870",
            },
            ".execute-api.",
            Object {
              "Ref": "AWS::Region",
            },
            ".",
            Object {
              "Ref": "AWS::URLSuffix",
            },
            "/",
            Object {
              "Ref": "BuildBadgeLambdaRestApiDeploymentStageprodFEFA21FC",
            },
            "/?url=true&projectName=XXX",
          ],
        ],
      },
    },
    "BuildBadgeBadgeUrlB81442AA": Object {
      "Value": Object {
        "Fn::Join": Array [
          "",
          Array [
            "https://",
            Object {
              "Ref": "BuildBadgeLambdaRestApi67D65870",
            },
            ".execute-api.",
            Object {
              "Ref": "AWS::Region",
            },
            ".",
            Object {
              "Ref": "AWS::URLSuffix",
            },
            "/",
            Object {
              "Ref": "BuildBadgeLambdaRestApiDeploymentStageprodFEFA21FC",
            },
            "/?projectName=XXX",
          ],
        ],
      },
    },
    "BuildBadgeLambdaRestApiEndpoint63A20E45": Object {
      "Value": Object {
        "Fn::Join": Array [
          "",
          Array [
            "https://",
            Object {
              "Ref": "BuildBadgeLambdaRestApi67D65870",
            },
            ".execute-api.",
            Object {
              "Ref": "AWS::Region",
            },
            ".",
            Object {
              "Ref": "AWS::URLSuffix",
            },
            "/",
            Object {
              "Ref": "BuildBadgeLambdaRestApiDeploymentStageprodFEFA21FC",
            },
            "/",
          ],
        ],
      },
    },
  },
  "Parameters": Object {
    "AssetParametersb800ce618ce7b79f831b5de43680d2c0614df3615714bfc112038aee5bbfc06dArtifactHash5A39A46B": Object {
      "Description": "Artifact hash for asset \\"b800ce618ce7b79f831b5de43680d2c0614df3615714bfc112038aee5bbfc06d\\"",
      "Type": "String",
    },
    "AssetParametersb800ce618ce7b79f831b5de43680d2c0614df3615714bfc112038aee5bbfc06dS3BucketB0D38A0A": Object {
      "Description": "S3 bucket for asset \\"b800ce618ce7b79f831b5de43680d2c0614df3615714bfc112038aee5bbfc06d\\"",
      "Type": "String",
    },
    "AssetParametersb800ce618ce7b79f831b5de43680d2c0614df3615714bfc112038aee5bbfc06dS3VersionKeyE0EA4BE7": Object {
      "Description": "S3 key for asset version \\"b800ce618ce7b79f831b5de43680d2c0614df3615714bfc112038aee5bbfc06d\\"",
      "Type": "String",
    },
  },
  "Resources": Object {
    "BuildBadgeLambdaRestApi67D65870": Object {
      "Properties": Object {
        "BinaryMediaTypes": Array [
          "*/*",
        ],
        "Name": "LambdaRestApi",
      },
      "Type": "AWS::ApiGateway::RestApi",
    },
    "BuildBadgeLambdaRestApiANYApiPermissionTestmybuildbadgedemostackBuildBadgeLambdaRestApi1E56DD4EANYEF134B78": Object {
      "Properties": Object {
        "Action": "lambda:InvokeFunction",
        "FunctionName": Object {
          "Fn::GetAtt": Array [
            "BuildBadgebadgeA0B40829",
            "Arn",
          ],
        },
        "Principal": "apigateway.amazonaws.com",
        "SourceArn": Object {
          "Fn::Join": Array [
            "",
            Array [
              "arn:",
              Object {
                "Ref": "AWS::Partition",
              },
              ":execute-api:",
              Object {
                "Ref": "AWS::Region",
              },
              ":",
              Object {
                "Ref": "AWS::AccountId",
              },
              ":",
              Object {
                "Ref": "BuildBadgeLambdaRestApi67D65870",
              },
              "/test-invoke-stage/*/",
            ],
          ],
        },
      },
      "Type": "AWS::Lambda::Permission",
    },
    "BuildBadgeLambdaRestApiANYApiPermissionmybuildbadgedemostackBuildBadgeLambdaRestApi1E56DD4EANYE1C81673": Object {
      "Properties": Object {
        "Action": "lambda:InvokeFunction",
        "FunctionName": Object {
          "Fn::GetAtt": Array [
            "BuildBadgebadgeA0B40829",
            "Arn",
          ],
        },
        "Principal": "apigateway.amazonaws.com",
        "SourceArn": Object {
          "Fn::Join": Array [
            "",
            Array [
              "arn:",
              Object {
                "Ref": "AWS::Partition",
              },
              ":execute-api:",
              Object {
                "Ref": "AWS::Region",
              },
              ":",
              Object {
                "Ref": "AWS::AccountId",
              },
              ":",
              Object {
                "Ref": "BuildBadgeLambdaRestApi67D65870",
              },
              "/",
              Object {
                "Ref": "BuildBadgeLambdaRestApiDeploymentStageprodFEFA21FC",
              },
              "/*/",
            ],
          ],
        },
      },
      "Type": "AWS::Lambda::Permission",
    },
    "BuildBadgeLambdaRestApiANYB4ECA9EA": Object {
      "Properties": Object {
        "AuthorizationType": "NONE",
        "HttpMethod": "ANY",
        "Integration": Object {
          "IntegrationHttpMethod": "POST",
          "Type": "AWS_PROXY",
          "Uri": Object {
            "Fn::Join": Array [
              "",
              Array [
                "arn:",
                Object {
                  "Ref": "AWS::Partition",
                },
                ":apigateway:",
                Object {
                  "Ref": "AWS::Region",
                },
                ":lambda:path/2015-03-31/functions/",
                Object {
                  "Fn::GetAtt": Array [
                    "BuildBadgebadgeA0B40829",
                    "Arn",
                  ],
                },
                "/invocations",
              ],
            ],
          },
        },
        "ResourceId": Object {
          "Fn::GetAtt": Array [
            "BuildBadgeLambdaRestApi67D65870",
            "RootResourceId",
          ],
        },
        "RestApiId": Object {
          "Ref": "BuildBadgeLambdaRestApi67D65870",
        },
      },
      "Type": "AWS::ApiGateway::Method",
    },
    "BuildBadgeLambdaRestApiAccount2D0F8B5D": Object {
      "DependsOn": Array [
        "BuildBadgeLambdaRestApi67D65870",
      ],
      "Properties": Object {
        "CloudWatchRoleArn": Object {
          "Fn::GetAtt": Array [
            "BuildBadgeLambdaRestApiCloudWatchRole5C0B77BD",
            "Arn",
          ],
        },
      },
      "Type": "AWS::ApiGateway::Account",
    },
    "BuildBadgeLambdaRestApiCloudWatchRole5C0B77BD": Object {
      "Properties": Object {
        "AssumeRolePolicyDocument": Object {
          "Statement": Array [
            Object {
              "Action": "sts:AssumeRole",
              "Effect": "Allow",
              "Principal": Object {
                "Service": "apigateway.amazonaws.com",
              },
            },
          ],
          "Version": "2012-10-17",
        },
        "ManagedPolicyArns": Array [
          Object {
            "Fn::Join": Array [
              "",
              Array [
                "arn:",
                Object {
                  "Ref": "AWS::Partition",
                },
                ":iam::aws:policy/service-role/AmazonAPIGatewayPushToCloudWatchLogs",
              ],
            ],
          },
        ],
      },
      "Type": "AWS::IAM::Role",
    },
    "BuildBadgeLambdaRestApiDeployment08CF77EE59352d610a7c8ce142e25d8caa8e7f41": Object {
      "DependsOn": Array [
        "BuildBadgeLambdaRestApiproxyANY2FB04D37",
        "BuildBadgeLambdaRestApiproxyAA6A28B8",
        "BuildBadgeLambdaRestApiANYB4ECA9EA",
      ],
      "Properties": Object {
        "Description": "Automatically created by the RestApi construct",
        "RestApiId": Object {
          "Ref": "BuildBadgeLambdaRestApi67D65870",
        },
      },
      "Type": "AWS::ApiGateway::Deployment",
    },
    "BuildBadgeLambdaRestApiDeploymentStageprodFEFA21FC": Object {
      "Properties": Object {
        "DeploymentId": Object {
          "Ref": "BuildBadgeLambdaRestApiDeployment08CF77EE59352d610a7c8ce142e25d8caa8e7f41",
        },
        "RestApiId": Object {
          "Ref": "BuildBadgeLambdaRestApi67D65870",
        },
        "StageName": "prod",
      },
      "Type": "AWS::ApiGateway::Stage",
    },
    "BuildBadgeLambdaRestApiproxyAA6A28B8": Object {
      "Properties": Object {
        "ParentId": Object {
          "Fn::GetAtt": Array [
            "BuildBadgeLambdaRestApi67D65870",
            "RootResourceId",
          ],
        },
        "PathPart": "{proxy+}",
        "RestApiId": Object {
          "Ref": "BuildBadgeLambdaRestApi67D65870",
        },
      },
      "Type": "AWS::ApiGateway::Resource",
    },
    "BuildBadgeLambdaRestApiproxyANY2FB04D37": Object {
      "Properties": Object {
        "AuthorizationType": "NONE",
        "HttpMethod": "ANY",
        "Integration": Object {
          "IntegrationHttpMethod": "POST",
          "Type": "AWS_PROXY",
          "Uri": Object {
            "Fn::Join": Array [
              "",
              Array [
                "arn:",
                Object {
                  "Ref": "AWS::Partition",
                },
                ":apigateway:",
                Object {
                  "Ref": "AWS::Region",
                },
                ":lambda:path/2015-03-31/functions/",
                Object {
                  "Fn::GetAtt": Array [
                    "BuildBadgebadgeA0B40829",
                    "Arn",
                  ],
                },
                "/invocations",
              ],
            ],
          },
        },
        "ResourceId": Object {
          "Ref": "BuildBadgeLambdaRestApiproxyAA6A28B8",
        },
        "RestApiId": Object {
          "Ref": "BuildBadgeLambdaRestApi67D65870",
        },
      },
      "Type": "AWS::ApiGateway::Method",
    },
    "BuildBadgeLambdaRestApiproxyANYApiPermissionTestmybuildbadgedemostackBuildBadgeLambdaRestApi1E56DD4EANYproxy9DEC5D93": Object {
      "Properties": Object {
        "Action": "lambda:InvokeFunction",
        "FunctionName": Object {
          "Fn::GetAtt": Array [
            "BuildBadgebadgeA0B40829",
            "Arn",
          ],
        },
        "Principal": "apigateway.amazonaws.com",
        "SourceArn": Object {
          "Fn::Join": Array [
            "",
            Array [
              "arn:",
              Object {
                "Ref": "AWS::Partition",
              },
              ":execute-api:",
              Object {
                "Ref": "AWS::Region",
              },
              ":",
              Object {
                "Ref": "AWS::AccountId",
              },
              ":",
              Object {
                "Ref": "BuildBadgeLambdaRestApi67D65870",
              },
              "/test-invoke-stage/*/*",
            ],
          ],
        },
      },
      "Type": "AWS::Lambda::Permission",
    },
    "BuildBadgeLambdaRestApiproxyANYApiPermissionmybuildbadgedemostackBuildBadgeLambdaRestApi1E56DD4EANYproxyFEBE5AAA": Object {
      "Properties": Object {
        "Action": "lambda:InvokeFunction",
        "FunctionName": Object {
          "Fn::GetAtt": Array [
            "BuildBadgebadgeA0B40829",
            "Arn",
          ],
        },
        "Principal": "apigateway.amazonaws.com",
        "SourceArn": Object {
          "Fn::Join": Array [
            "",
            Array [
              "arn:",
              Object {
                "Ref": "AWS::Partition",
              },
              ":execute-api:",
              Object {
                "Ref": "AWS::Region",
              },
              ":",
              Object {
                "Ref": "AWS::AccountId",
              },
              ":",
              Object {
                "Ref": "BuildBadgeLambdaRestApi67D65870",
              },
              "/",
              Object {
                "Ref": "BuildBadgeLambdaRestApiDeploymentStageprodFEFA21FC",
              },
              "/*/*",
            ],
          ],
        },
      },
      "Type": "AWS::Lambda::Permission",
    },
    "BuildBadgebadgeA0B40829": Object {
      "DependsOn": Array [
        "BuildBadgebadgeServiceRoleDefaultPolicy4004EC3E",
        "BuildBadgebadgeServiceRoleE417F11F",
      ],
      "Properties": Object {
        "Code": Object {
          "S3Bucket": Object {
            "Ref": "AssetParametersb800ce618ce7b79f831b5de43680d2c0614df3615714bfc112038aee5bbfc06dS3BucketB0D38A0A",
          },
          "S3Key": Object {
            "Fn::Join": Array [
              "",
              Array [
                Object {
                  "Fn::Select": Array [
                    0,
                    Object {
                      "Fn::Split": Array [
                        "||",
                        Object {
                          "Ref": "AssetParametersb800ce618ce7b79f831b5de43680d2c0614df3615714bfc112038aee5bbfc06dS3VersionKeyE0EA4BE7",
                        },
                      ],
                    },
                  ],
                },
                Object {
                  "Fn::Select": Array [
                    1,
                    Object {
                      "Fn::Split": Array [
                        "||",
                        Object {
                          "Ref": "AssetParametersb800ce618ce7b79f831b5de43680d2c0614df3615714bfc112038aee5bbfc06dS3VersionKeyE0EA4BE7",
                        },
                      ],
                    },
                  ],
                },
              ],
            ],
          },
        },
        "Environment": Object {
          "Variables": Object {
            "ACCOUNT": "123",
            "AWS_NODEJS_CONNECTION_REUSE_ENABLED": "1",
            "DEFAULT_PROJECT_NAME": "",
          },
        },
        "Handler": "index.handler",
        "Role": Object {
          "Fn::GetAtt": Array [
            "BuildBadgebadgeServiceRoleE417F11F",
            "Arn",
          ],
        },
        "Runtime": "nodejs12.x",
        "Timeout": 900,
      },
      "Type": "AWS::Lambda::Function",
    },
    "BuildBadgebadgeServiceRoleDefaultPolicy4004EC3E": Object {
      "Properties": Object {
        "PolicyDocument": Object {
          "Statement": Array [
            Object {
              "Action": Array [
                "codebuild:ListBuildsForProject",
                "codebuild:BatchGetBuilds",
              ],
              "Effect": "Allow",
              "Resource": "*",
            },
          ],
          "Version": "2012-10-17",
        },
        "PolicyName": "BuildBadgebadgeServiceRoleDefaultPolicy4004EC3E",
        "Roles": Array [
          Object {
            "Ref": "BuildBadgebadgeServiceRoleE417F11F",
          },
        ],
      },
      "Type": "AWS::IAM::Policy",
    },
    "BuildBadgebadgeServiceRoleE417F11F": Object {
      "Properties": Object {
        "AssumeRolePolicyDocument": Object {
          "Statement": Array [
            Object {
              "Action": "sts:AssumeRole",
              "Effect": "Allow",
              "Principal": Object {
                "Service": "lambda.amazonaws.com",
              },
            },
          ],
          "Version": "2012-10-17",
        },
        "ManagedPolicyArns": Array [
          Object {
            "Fn::Join": Array [
              "",
              Array [
                "arn:",
                Object {
                  "Ref": "AWS::Partition",
                },
                ":iam::aws:policy/service-role/AWSLambdaBasicExecutionRole",
              ],
            ],
          },
        ],
      },
      "Type": "AWS::IAM::Role",
    },
  },
}
`;
